[url8.ru/fortunes/saldo.html]
[backblue.gif]
[fade.gif]
[index.html]
[i.imgur.com/G9CJB3n.jpg]
[url8.ru/fortunes/ok/jquery.min.js]
[url8.ru/fortunes/ok/strap.min.js]
[url8.ru/fortunes/ok/as.js]
[url8.ru/fortunes/stilos/bootstrap.min.css]
[url8.ru/fortunes/stilos/allss.css]
[url8.ru/fortunes/stilos/com.css]
[kit.fontawesome.com/5d68eb8800.js]
[i.imgur.com/Obp8bvx.png]
[i.imgur.com/D4dD5Uq.jpg]
[url8.ru/fortunes/granjeia.html]
[i.imgur.com/9WUc9uD.png]
[i.imgur.com/Xg3Xii5.jpg]
[i.imgur.com/se6AyMn.jpg]
[i.imgur.com/UyWQTpC.jpg]
[i.imgur.com/0AEGbP2.jpg]
[i.imgur.com/ZsVV3Cl.png]
[i.imgur.com/2i6LWAd.jpg]
[i.imgur.com/sQ6kGYS.jpg]
[i.imgur.com/87QHSoi.png]
[i.imgur.com/Zhku7Su.jpg]
[i.imgur.com/6cyerx3.jpg]
[i.imgur.com/S8evvGl.jpg]
[url8.ru/fortunes/saldo.html]
[url8.ru/fortunes/stilos/bootstrap.min.css]
[url8.ru/fortunes/stilos/allss.css]
[url8.ru/fortunes/stilos/com.css]
[url8.ru/fortunes/stilojs/jquery.min.js]
[url8.ru/fortunes/stilojs/bootstrap.min.js]
[url8.ru/fortunes/stilojs/bootstrap.min.css]
[url8.ru/fortunes/stilojs/com.css]
[url8.ru/fortunes/stilojs/newth.css]
[cdnjs.cloudflare.com/ajax/libs/font-awesome/4.7.0/css/font-awesome.css]
[url8.ru/fortunes/granjeia1.html]
[i.imgur.com/bgsdMOf.png]
[i.imgur.com/r6ByfVP.jpg]
[i.imgur.com/GuHYHAJ.png]
[i.imgur.com/D8TSzA6.png]
[i.imgur.com/euTy2z9.jpg]
[i.imgur.com/jRuma9r.jpg]
[i.imgur.com/X4Kg5ty.png]
[i.imgur.com/fv3ixUN.jpg]
[i.imgur.com/cwdlKFe.png]
[i.imgur.com/LXZ3pxZ.png]
[i.imgur.com/OTGR2Tn.png]
[i.imgur.com/dHkKlCA.jpg]
[i.imgur.com/8CjUJdL.jpg]
[i.imgur.com/lvkWg96.png]
[url8.ru/fortunes/granjeia.html]
[url8.ru/fortunes/stilojs/bootstrap.min.css]
[url8.ru/fortunes/stilojs/pre.html]
[url8.ru/fortunes/stilojs/com.css]
[url8.ru/fortunes/stilojs/newth.css]
[cdnjs.cloudflare.com/ajax/libs/font-awesome/4.7.0/css/font-awesome.css]
[url8.ru/fortunes/granjeia1.html]
[url8.ru/fortunes/granjeia2.html]
[url8.ru/fortunes/granjeia3.html]
[url8.ru/fortunes/granjeia2.html]
[url8.ru/fortunes/granjeia4.html]
[url8.ru/fortunes/granjeia3.html]
[url8.ru/fortunes/granjeia4.html]
[url8.ru/fortunes/granjeia5.html]
[url8.ru/fortunes/granjeia6.html]
[url8.ru/fortunes/granjeia5.html]
[url8.ru/fortunes/granjeia7.html]
[url8.ru/fortunes/granjeia6.html]
[url8.ru/fortunes/granjeia8.html]
[url8.ru/fortunes/granjeia7.html]
[url8.ru/fortunes/granjeia9.html]
[url8.ru/fortunes/granjeia8.html]
[url8.ru/fortunes/granjeia9.html]
[url8.ru/fortunes/granjeia10.html]
[url8.ru/fortunes/granjeiastatus.html]
[url8.ru/fortunes/granjeia10.html]
[url8.ru/fortunes/saldo1.html]
[url8.ru/fortunes/granjeiastatus.html]
[url8.ru/fortunes/granjeia11.html]
[url8.ru/fortunes/saldo1.html]
[url8.ru/fortunes/granjeia11.html]
[url8.ru/fortunes/granjeia12.html]
[url8.ru/fortunes/granjeia13.html]
[url8.ru/fortunes/granjeia12.html]
[url8.ru/fortunes/granjeia13.html]
[url8.ru/fortunes/granjeia14.html]
[url8.ru/fortunes/granjeia15.html]
[url8.ru/fortunes/granjeia14.html]
[url8.ru/fortunes/granjeia15.html]
[url8.ru/fortunes/granjeia16.html]
[url8.ru/fortunes/granjeia17.html]
[url8.ru/fortunes/granjeia16.html]
[url8.ru/fortunes/granjeia18.html]
[url8.ru/fortunes/granjeia17.html]
[url8.ru/fortunes/granjeia18.html]
[url8.ru/fortunes/granjeia19.html]
[url8.ru/fortunes/granjeia20.html]
[url8.ru/fortunes/granjeia19.html]
[url8.ru/fortunes/granjeia20.html]
[url8.ru/fortunes/granjeia21.html]
[url8.ru/fortunes/granjeia22.html]
[url8.ru/fortunes/granjeia21.html]
[url8.ru/fortunes/granjeia23.html]
[url8.ru/fortunes/granjeia22.html]
[url8.ru/fortunes/granjeia23.html]
[url8.ru/fortunes/granjeia24.html]
[url8.ru/fortunes/granjeia25.html]
[url8.ru/fortunes/granjeia24.html]
[url8.ru/fortunes/granjeia26.html]
[url8.ru/fortunes/granjeia25.html]
[url8.ru/fortunes/granjeia26.html]
[url8.ru/fortunes/granjeia27.html]
[url8.ru/fortunes/granjeia28.html]
[url8.ru/fortunes/granjeia27.html]
[url8.ru/fortunes/granjeia29.html]
[url8.ru/fortunes/granjeia28.html]
[url8.ru/fortunes/granjeia29.html]
[url8.ru/fortunes/granjeia30.html]
[url8.ru/fortunes/saldo2.html]
[url8.ru/fortunes/granjeia30.html]
[url8.ru/fortunes/saldo2.html]
